python : C:\Users\USE
R\AppData\Local\Packa
ges\PythonSoftwareFou
ndation.Python.3.11_q
bz5n2kfra8p0\LocalCac
he\local-packages\Pyt
hon311\site-packages\
pydantic\_internal\_f
ields.py:149: 
UserWarning: Field 
"model_settings" has 
conflict with 
protected namespace 
"model_".
At line:1 char:1
+ python -m pytest te
sts/test_feedback.py 
-v 2>&1 > 
pytest_output.txt
+ ~~~~~~~~~~~~~~~~~~~
~~~~~~~~~~~~~~~~~~~~~
~~~~~~~~~~~~~~~~~~~~~
~~~~~~
    + CategoryInfo   
           : NotSpe  
  cified: (C:\User   
 s\USER\A...space    
 "model_".:Strin    
g) [], RemoteExc    
eption
    + FullyQualified 
   ErrorId : Native  
  CommandError
 

You may be able to 
resolve this warning 
by setting `model_con
fig['protected_namesp
aces'] = ()`.
  warnings.warn(
C:\Users\USER\AppData
\Local\Packages\Pytho
nSoftwareFoundation.P
ython.3.11_qbz5n2kfra
8p0\LocalCache\local-
packages\Python311\si
te-packages\pydantic\
_internal\_fields.py:
184: UserWarning: 
Field name "name" 
shadows an attribute 
in parent 
"Operation"; 
  warnings.warn(
C:\Users\USER\AppData
\Local\Packages\Pytho
nSoftwareFoundation.P
ython.3.11_qbz5n2kfra
8p0\LocalCache\local-
packages\Python311\si
te-packages\pydantic\
_internal\_fields.py:
184: UserWarning: 
Field name 
"metadata" shadows 
an attribute in 
parent "Operation"; 
  warnings.warn(
C:\Users\USER\AppData
\Local\Packages\Pytho
nSoftwareFoundation.P
ython.3.11_qbz5n2kfra
8p0\LocalCache\local-
packages\Python311\si
te-packages\pydantic\
_internal\_fields.py:
184: UserWarning: 
Field name "done" 
shadows an attribute 
in parent 
"Operation"; 
  warnings.warn(
C:\Users\USER\AppData
\Local\Packages\Pytho
nSoftwareFoundation.P
ython.3.11_qbz5n2kfra
8p0\LocalCache\local-
packages\Python311\si
te-packages\pydantic\
_internal\_fields.py:
184: UserWarning: 
Field name "error" 
shadows an attribute 
in parent 
"Operation"; 
  warnings.warn(
C:\Users\USER\AppData
\Local\Packages\Pytho
nSoftwareFoundation.P
ython.3.11_qbz5n2kfra
8p0\LocalCache\local-
packages\Python311\si
te-packages\pydantic\
_internal\_fields.py:
149: UserWarning: 
Field 
"model_settings" has 
conflict with 
protected namespace 
"model_".

You may be able to 
resolve this warning 
by setting `model_con
fig['protected_namesp
aces'] = ()`.
  warnings.warn(
============================= test session starts =============================
platform win32 -- Python 3.11.9, pytest-8.3.4, pluggy-1.6.0 -- C:\Users\USER\AppData\Local\Microsoft\WindowsApps\PythonSoftwareFoundation.Python.3.11_qbz5n2kfra8p0\python.exe
cachedir: .pytest_cache
rootdir: C:\Users\USER\.gemini\antigravity\playground\chrono-meteoroid
configfile: pytest.ini
plugins: anyio-4.12.0, deepeval-3.7.4, asyncio-0.24.0, cov-7.0.0, repeat-0.9.4, rerunfailures-16.1, xdist-3.8.0
asyncio: mode=Mode.AUTO, default_loop_scope=function
collecting ... collected 3 items

tests/test_feedback.py::test_submit_feedback_success PASSED              [ 33%]
tests/test_feedback.py::test_submit_feedback_invalid_rating PASSED       [ 66%]
tests/test_feedback.py::test_submit_feedback_multiple PASSED             [100%]Running teardown with pytest sessionfinish...


============================== warnings summary ===============================
tests/test_feedback.py::test_submit_feedback_success
  C:\Users\USER\.gemini\antigravity\playground\chrono-meteoroid\backend\app\main.py:63: DeprecationWarning: 
          on_event is deprecated, use lifespan event handlers instead.
  
          Read more about it in the
          [FastAPI docs for Lifespan Events](https://fastapi.tiangolo.com/advanced/events/).
          
    @app.on_event("startup")

tests/test_feedback.py::test_submit_feedback_success
tests/test_feedback.py::test_submit_feedback_success
  C:\Users\USER\AppData\Local\Packages\PythonSoftwareFoundation.Python.3.11_qbz5n2kfra8p0\LocalCache\local-packages\Python311\site-packages\fastapi\applications.py:4495: DeprecationWarning: 
          on_event is deprecated, use lifespan event handlers instead.
  
          Read more about it in the
          [FastAPI docs for Lifespan Events](https://fastapi.tiangolo.com/advanced/events/).
          
    return self.router.on_event(event_type)

tests/test_feedback.py::test_submit_feedback_success
  C:\Users\USER\.gemini\antigravity\playground\chrono-meteoroid\backend\app\main.py:83: DeprecationWarning: 
          on_event is deprecated, use lifespan event handlers instead.
  
          Read more about it in the
          [FastAPI docs for Lifespan Events](https://fastapi.tiangolo.com/advanced/events/).
          
    @app.on_event("shutdown")

tests/test_feedback.py::test_submit_feedback_success
tests/test_feedback.py::test_submit_feedback_invalid_rating
tests/test_feedback.py::test_submit_feedback_multiple
  C:\Users\USER\AppData\Local\Packages\PythonSoftwareFoundation.Python.3.11_qbz5n2kfra8p0\LocalCache\local-packages\Python311\site-packages\httpx\_client.py:680: DeprecationWarning: The 'app' shortcut is now deprecated. Use the explicit style 'transport=WSGITransport(app=...)' instead.
    warnings.warn(message, DeprecationWarning)

-- Docs: https://docs.pytest.org/en/stable/how-to/capture-warnings.html
======================== 3 passed, 7 warnings in 4.56s ========================
